../Core/Src/main.c:84:5:main	8	static
../Core/Src/main.c:285:6:timerCalculator	8	static
../Core/Src/main.c:315:6:HAL_SPI_RxCpltCallback	16	static
../Core/Src/main.c:331:6:HAL_TIM_PeriodElapsedCallback	16	static
../Core/Src/main.c:366:6:SystemClock_Config	72	static
../Core/Src/main.c:406:13:MX_I2C1_Init	8	static
../Core/Src/main.c:440:13:MX_SPI1_Init	8	static
../Core/Src/main.c:477:13:MX_TIM2_Init	32	static
../Core/Src/main.c:522:13:MX_USART2_UART_Init	8	static
../Core/Src/main.c:555:13:MX_GPIO_Init	40	static
../Core/Src/main.c:589:6:Error_Handler	4	static,ignoring_inline_asm
